Copyright 1986-2022 Xilinx, Inc. All Rights Reserved. Copyright 2022-2026 Advanced Micro Devices, Inc. All Rights Reserved.
---------------------------------------------------------------------------------------------------------------------------------------------
| Tool Version : Vivado v.2026.1 (win64) Build 6511674 Tue Jun 16 11:02:23 MDT 2026
| Date         : Sat Aug 29 22:07:27 2026
| Host         : ThinMan running 64-bit major release  (build 9200)
| Command      : report_control_sets -verbose -file main_control_sets_placed.rpt
| Design       : main
| Device       : xc7z010
---------------------------------------------------------------------------------------------------------------------------------------------

Control Set Information

Table of Contents
-----------------
1. Summary
2. Histogram
3. Flip-Flop Distribution
4. Detailed Control Set Information

1. Summary
----------

+----------------------------------------------------------+-------+
|                          Status                          | Count |
+----------------------------------------------------------+-------+
| Total control sets                                       |    12 |
|    Minimum number of control sets                        |    12 |
|    Addition due to synthesis replication                 |     0 |
|    Addition due to physical synthesis replication        |     0 |
| Unused register locations in slices containing registers |    52 |
+----------------------------------------------------------+-------+
* Control sets can be merged at opt_design using control_set_merge or merge_equivalent_drivers
** Run report_qor_suggestions for automated merging and remapping suggestions


2. Histogram
------------

+--------------------+-------+
|       Fanout       | Count |
+--------------------+-------+
| Total control sets |    12 |
| >= 0 to < 4        |     1 |
| >= 4 to < 6        |     1 |
| >= 6 to < 8        |     0 |
| >= 8 to < 10       |     0 |
| >= 10 to < 12      |     2 |
| >= 12 to < 14      |     2 |
| >= 14 to < 16      |     0 |
| >= 16              |     6 |
+--------------------+-------+
* Control sets can be remapped at either synth_design or opt_design


3. Flip-Flop Distribution
-------------------------

+--------------+-----------------------+------------------------+-----------------+--------------+
| Clock Enable | Synchronous Set/Reset | Asynchronous Set/Reset | Total Registers | Total Slices |
+--------------+-----------------------+------------------------+-----------------+--------------+
| No           | No                    | No                     |            1887 |          322 |
| No           | No                    | Yes                    |               2 |            1 |
| No           | Yes                   | No                     |             121 |           40 |
| Yes          | No                    | No                     |             460 |          117 |
| Yes          | No                    | Yes                    |               0 |            0 |
| Yes          | Yes                   | No                     |              78 |           16 |
+--------------+-----------------------+------------------------+-----------------+--------------+


4. Detailed Control Set Information
-----------------------------------

+--------------------------------+--------------------------------------------------------+----------------------------------------------------------------------+------------------+----------------+--------------+
|          Clock Signal          |                      Enable Signal                     |                           Set/Reset Signal                           | Slice Load Count | Bel Load Count | Bels / Slice |
+--------------------------------+--------------------------------------------------------+----------------------------------------------------------------------+------------------+----------------+--------------+
|  clk_wiz_0_inst/inst/pixel_clk |                                                        | rgb2dvi_0_inst_i_1_n_0                                               |                2 |              3 |         1.50 |
|  clk_wiz_0_inst/inst/pixel_clk |                                                        | rgb2dvi_0_inst/U0/DataEncoders[0].DataEncoder/pDataOutRaw[9]_i_1_n_0 |                1 |              4 |         4.00 |
|  clk_wiz_0_inst/inst/pixel_clk | triangle_inst/E[0]                                     |                                                                      |                4 |             10 |         2.50 |
|  clk_wiz_0_inst/inst/pixel_clk | pixel[x][10]_i_2_n_0                                   | pixel[x][10]_i_1_n_0                                                 |                3 |             11 |         3.67 |
|  clk_wiz_0_inst/inst/pixel_clk | v_tc_0_inst/U0/U_TC_TOP/GEN_GENERATOR.U_TC_GEN/v_count | v_tc_0_inst/U0/U_TC_TOP/GEN_GENERATOR.U_TC_GEN/v_count[0]_i_1_n_0    |                3 |             12 |         4.00 |
|  clk_wiz_0_inst/inst/pixel_clk |                                                        | v_tc_0_inst/U0/U_TC_TOP/GEN_GENERATOR.U_TC_GEN/h_count[0]_i_1_n_0    |                4 |             13 |         3.25 |
|  clk_wiz_0_inst/inst/pixel_clk |                                                        | rgb2dvi_0_inst/U0/DataEncoders[0].DataEncoder/SR[0]                  |                7 |             19 |         2.71 |
|  clk_wiz_0_inst/inst/pixel_clk |                                                        | v_tc_0_inst/U0/U_TC_TOP/GEN_GENERATOR.U_TC_GEN/p_4_in                |                6 |             19 |         3.17 |
|  clk_wiz_0_inst/inst/pixel_clk | triangle_inst/s6[wa][28]_i_2_n_0                       | triangle_inst/s6[wa][0]                                              |               10 |             55 |         5.50 |
|  clk_wiz_0_inst/inst/pixel_clk |                                                        | v_tc_0_inst/U0/U_TC_TOP/GEN_GENERATOR.U_TC_GEN/htotal[11]_i_1_n_0    |               21 |             65 |         3.10 |
|  clk_wiz_0_inst/inst/pixel_clk | triangle_inst/resetn                                   |                                                                      |              113 |            536 |         4.74 |
|  clk_wiz_0_inst/inst/pixel_clk |                                                        |                                                                      |              322 |           1894 |         5.88 |
+--------------------------------+--------------------------------------------------------+----------------------------------------------------------------------+------------------+----------------+--------------+


