#-----------------------------------------------------------
# Vivado v2026.1 (64-bit)
# SW Build 6511674 on Tue Jun 16 11:02:23 MDT 2026
# IP Build 6504888 on Tue Jun 09 09:05:25 MDT 2026
# SharedData Build 6501428 on Mon Jun 08 17:34:18 MDT 2026
# Start of session at: Sat Aug 29 22:06:30 2026
# Process ID         : 12376
# Current directory  : D:/Desktop/Stuff/vivado-projects/projects/graphics/graphics.runs/impl_1
# Command line       : vivado.exe -log main.vdi -applog -product Vivado -messageDb vivado.pb -mode batch -source main.tcl -notrace
# Log file           : D:/Desktop/Stuff/vivado-projects/projects/graphics/graphics.runs/impl_1/main.vdi
# Journal file       : D:/Desktop/Stuff/vivado-projects/projects/graphics/graphics.runs/impl_1\vivado.jou
# Running On         : ThinMan
# Platform           : Windows 11
# Operating System   : 26200
# Processor Detail   : AMD Ryzen 7 7730U with Radeon Graphics         
# CPU Frequency      : 1996 MHz
# CPU Physical cores : 8
# CPU Logical cores  : 16
# Host memory        : 14877 MB
# Swap memory        : 21618 MB
# Total Virtual      : 36496 MB
# Available Virtual  : 4047 MB
#-----------------------------------------------------------
source main.tcl -notrace
